                         Lattice Mapping Report File
Design:  PoFDualCAM
Family:  LIFCL
Device:  LIFCL-40
Package: CABGA256
Performance Grade:  9_High-Performance_1.0V

Mapper:    version Radiant Software (64-bit) 2023.1.1.200.1
Mapped on: Wed Jan 22 11:57:00 2025

Design Information
------------------

Command line:   map -i PoFDualCAM_impl_1_syn.udb -pdc F:/3-MyLaptopDIR/PoFDualCA
     M/2-DPU/Code/PoFDualCAM/source/impl_1/ZPIN_ASSIGNMENT.pdc -o
     PoFDualCAM_impl_1_map.udb -mp PoFDualCAM_impl_1.mrp -hierrpt -gui

Design Summary
--------------

   Number of registers:           0 out of 32724 (0%)
      Number of SLICE         registers:    0 out of 32256 (0%)
      Number of PIO Input     registers:    0 out of   156 (0%)
      Number of PIO Output    registers:    0 out of   156 (0%)
      Number of PIO Tri-State registers:    0 out of   156 (0%)
   Number of LUT4s:               0 out of 32256 (0%)
      Number used as logic LUT4s:                          0
      Number used as distributed RAM:                      0 (6 per 16X4 RAM)
      Number used as ripple logic:                         0 (2 per CCU2)
   Number of PIOs used/reserved:   14 out of   156 (9%)
      Number of PIOs reserved:     12 (per sysConfig and/or prohibit constraint)
      Number of PIOs used:          2
        Number of PIOs used for single ended IO:         2
        Number of PIO pairs used for differential IO:    0
        Number allocated to regular speed PIOs:     2 out of   82 (2%)
        Number allocated to high speed PIOs:        0 out of   74 (0%)
   Number of Dedicated IO used for ADC/PCIE/DPHY:    0 out of   32 (0%)
   Number of IDDR/ODDR/TDDR functions used:      0 out of   386 (0%)
   Number of IOs using at least one DDR function: 0 (0 differential)
   Number of Block RAMs:          0 out of 84 (0%)
   Number of Large RAMs:          0 out of 2 (0%)
   Number of Logical DSP Functions:
      Number of Pre-Adders (9+9):    0 out of 112 (0%)
      Number of Multipliers (18x18): 0 out of 56 (0%)
         Number of 9X9:        0 (1 18x18 = 2   9x9)
         Number of 18x18:      0 (1 18x18 = 1 18x18)
         Number of 18x36:      0 (2 18x18 = 1 18x36)
         Number of 36x36:      0 (4 18x18 = 1 36x36)
      Number of 54-bit Accumulators: 0 out of 28 (0%)
      Number of 18-bit Registers:    0 out of 112 (0%)
   Number of Physical DSP Components:
      Number of PREADD9:             0 out of 112 (0%)
      Number of MULT9:               0 out of 112 (0%)
      Number of MULT18:              0 out of 56 (0%)
      Number of MULT18X36:           0 out of 28 (0%)
      Number of MULT36:              0 out of 14 (0%)
      Number of ACC54:               0 out of 28 (0%)
      Number of REG18:               0 out of 112 (0%)
   Number of ALUREGs:             0 out of 1 (0%)
   Number of PLLs:                0 out of 3 (0%)
   Number of DDRDLLs:             0 out of 2 (0%)

                                    Page 1





Design Summary (cont)
---------------------
   Number of DLLDELs:             0 out of 10 (0%)
   Number of DQSs:                0 out of 4 (0%)
   Number of DCSs:                0 out of 1 (0%)
   Number of DCCs:                0 out of 62 (0%)
   Number of PCLKDIVs:            0 out of 1 (0%)
   Number of ECLKDIVs:            0 out of 12 (0%)
   Number of ECLKSYNCs:           0 out of 12 (0%)
   Number of ADC Blocks:          0 out of 1 (0%)
   Number of SGMIICDRs:           0 out of 2 (0%)
   Number of PMUs:                0 out of 1 (0%)
   Number of BNKREF18s:           0 out of 3 (0%)
   Number of BNKREF33s:           0 out of 5 (0%)
   Number of PCIEs:               0 out of 1 (0%)
   Number of I2CFIFOs:            0 out of 1 (0%)
   Number of DPHYs:               0 out of 2 (0%)
   Number of Oscillators:         0 out of 1 (0%)
   Number of GSR:                 0 out of 1 (0%)
   Number of Cryptographic Block: 0 out of 1 (0%)
   Number of Config IP:           0 out of 1 (0%)
                 TSALL:           0 out of 1 (0%)
   Number of JTAG:                0 out of 1 (0%)
   Number of SED:                 0 out of 1 (0%)
   Number of PCSs:                0 out of 1 (0%)
   Number of Clocks:  0
   Number of Clock Enables:  0
   Number of LSRs:  0
   Top 10 highest fanout non-clock nets:
      Net VCC_net: 2 loads




   Number of warnings:  16
   Number of errors:    0

Design Errors/Warnings
----------------------

WARNING <71003020> - map: Top module port 'adc_c0[1]' does not connect to
     anything.
WARNING <71003020> - map: Top module port 'adc_c0[0]' does not connect to
     anything.
WARNING <71003020> - map: Top module port 'adc_c1[1]' does not connect to
     anything.
WARNING <71003020> - map: Top module port 'adc_c1[0]' does not connect to
     anything.
WARNING <71003020> - map: Top module port 'adc_c8[1]' does not connect to
     anything.
WARNING <71003020> - map: Top module port 'adc_c8[0]' does not connect to
     anything.
WARNING <71003020> - map: Top module port 'adc_c9[1]' does not connect to
     anything.
WARNING <71003020> - map: Top module port 'adc_c9[0]' does not connect to
     anything.
WARNING <71003020> - map: Top module port 'adc_c0[1]' does not connect to
     anything.
WARNING <71003020> - map: Top module port 'adc_c0[0]' does not connect to

                                    Page 2





Design Errors/Warnings (cont)
-----------------------------
     anything.
WARNING <71003020> - map: Top module port 'adc_c1[1]' does not connect to
     anything.
WARNING <71003020> - map: Top module port 'adc_c1[0]' does not connect to
     anything.
WARNING <71003020> - map: Top module port 'adc_c8[1]' does not connect to
     anything.
WARNING <71003020> - map: Top module port 'adc_c8[0]' does not connect to
     anything.
WARNING <71003020> - map: Top module port 'adc_c9[1]' does not connect to
     anything.
WARNING <71003020> - map: Top module port 'adc_c9[0]' does not connect to
     anything.

IO (PIO) Attributes
-------------------

+---------------------+-----------+-----------+-------+-------+-----------+
| IO Name             | Direction | Levelmode |  IO   |  IO   | Special   |
|                     |           |  IO_TYPE  |  REG  |  DDR  | IO Buffer |
+---------------------+-----------+-----------+-------+-------+-----------+
| oLED1               | OUTPUT    | LVCMOS33  |       |       |           |
+---------------------+-----------+-----------+-------+-------+-----------+
| clk2ram             | OUTPUT    | LVCMOS33  |       |       |           |
+---------------------+-----------+-----------+-------+-------+-----------+

Removed logic
-------------

Block GSR_INST undriven or does not drive anything - clipped.
Block i2 was optimized away.
Block oLED1_pad.vlo_inst was optimized away.

Constraint Summary
------------------

   Total number of constraints: 28
   Total number of constraints dropped: 0

Run Time and Memory Usage
-------------------------

   Total CPU Time: 2 secs
   Total REAL Time: 3 secs
   Peak Memory Usage: 313 MB













                                    Page 3


Copyright (c) 1991-1994 by NeoCAD Inc. All rights reserved.
Copyright (c) 1995
     AT&T Corp.   All rights reserved.
Copyright (c) 1995-2001 Lucent
     Technologies Inc.  All rights reserved.
Copyright (c) 2001 Agere Systems
     All rights reserved.
Copyright (c) 2002-2023 Lattice Semiconductor
     Corporation,  All rights reserved.
