Lattice Timing Report -  Setup  and Hold, Version Radiant Software (64-bit) 2023.1.1.200.1

Wed Jan 22 11:57:55 2025

Copyright (c) 1991-1994 by NeoCAD Inc. All rights reserved.
Copyright (c) 1995 AT&T Corp.   All rights reserved.
Copyright (c) 1995-2001 Lucent Technologies Inc.  All rights reserved.
Copyright (c) 2001 Agere Systems   All rights reserved.
Copyright (c) 2002-2023 Lattice Semiconductor Corporation,  All rights reserved.

Command line:    timing -sethld -v 10 -u 10 -endpoints 10 -nperend 1 -sp 9_High-Performance_1.0V -hsp m -pwrprd -html -rpt PoFDualCAM_impl_1.twr PoFDualCAM_impl_1.udb -gui

-------------------------------------------
Design:          PoFDualCAM
Family:          LIFCL
Device:          LIFCL-40
Package:         CABGA256
Performance:     9_High-Performance_1.0V
Package Status:                     Final          Version 39
Performance Hardware Data Status :   Final Version 117.1
-------------------------------------------


=====================================================================
                    Table of Contents
=====================================================================
    1  DESIGN CHECKING
        1.1  SDC Constraints
        1.2  Constraint Coverage
        1.3  Overall Summary
        1.4  Unconstrained Report
        1.5  Combinational Loop
    2  Setup at Speed Grade 9_High-Performance_1.0V Corner at 100 Degrees
        2.1  Clock Summary
        2.2  Endpoint slacks
        2.3  Detailed Report
    3  Hold at Speed Grade m Corner at -40 Degrees
        3.1  Endpoint slacks
        3.2  Detailed Report

=====================================================================
                    End of Table of Contents
=====================================================================

==============================================
1  DESIGN CHECKING
==============================================

1.1  SDC Constraints
=====================

Operating conditions:
--------------------
    Core voltage:  1 V; derate: 0% derated voltage:  1 V
ldc_set_vcc -bank 0 1.79999995231628
    Bank 0 voltage: 1.8 V
ldc_set_vcc -bank 1 1.79999995231628
    Bank 1 voltage: 1.8 V
ldc_set_vcc -bank 3 1.79999995231628
    Bank 3 voltage: 1.8 V
ldc_set_vcc -bank 4 1.79999995231628
    Bank 4 voltage: 1.8 V
ldc_set_vcc -bank 5 1.79999995231628
    Bank 5 voltage: 1.8 V
ldc_set_vcc -bank 0 -derate 0
    Bank 0 voltage: 1.8 V
ldc_set_vcc -bank 1 -derate 0
    Bank 1 voltage: 1.8 V
ldc_set_vcc -bank 3 -derate 0
    Bank 3 voltage: 1.8 V
ldc_set_vcc -bank 4 -derate 0
    Bank 4 voltage: 1.8 V
ldc_set_vcc -bank 5 -derate 0
    Bank 5 voltage: 1.8 V
ldc_set_vcc -core -derate 0
ldc_set_vcc -dphy DPHY0 -derate 0
    DPHY0 derate: 0%
ldc_set_vcc -dphy DPHY1 -derate 0
    DPHY1 derate: 0%
ldc_set_vcc -core 1

1.2  Constraint Coverage
---------------------------
Constraint Coverage: 0%


1.3  Overall Summary
---------------------------
 Setup at Speed Grade 9_High-Performance_1.0V Corner at 100 Degrees   Timing Errors: 0 endpoints;  Total Negative Slack: 0.000 ns 
 Hold at Speed Grade m Corner at -40 Degrees                          Timing Errors: 0 endpoints;  Total Negative Slack: 0.000 ns 

1.4  Unconstrained Report
===========================

1.4.1  Unconstrained Start/End Points
--------------------------------------

Clocked but unconstrained timing start points
--------------------------------------------------
There is no start point satisfying reporting criteria


Clocked but unconstrained timing end points
--------------------------------------------------
There is no end point satisfying reporting criteria


1.4.2  Start/End Points Without Timing Constraints
---------------------------------------------------

I/O ports without constraint
----------------------------
Possible constraints to use on I/O ports are:
set_input_delay,
set_output_delay,
set_max_delay,
create_clock,
create_generated_clock,
...

-------------------------------------------------------------------
     Listing 8 Start or End Points      |           Type           
-------------------------------------------------------------------
adc_c0[1]                               |                     input
adc_c0[0]                               |                     input
adc_c1[1]                               |                     input
adc_c1[0]                               |                     input
adc_c8[1]                               |                     input
adc_c8[0]                               |                     input
adc_c9[1]                               |                     input
adc_c9[0]                               |                     input
-------------------------------------------------------------------
                                        |                          
Number of I/O ports without constraint  |                         8
                                        |                          
-------------------------------------------------------------------

Nets without clock definition
Define a clock on a top level port or a generated clock on a clock divider pin associated with this net(s).
--------------------------------------------------
There is no instance satisfying reporting criteria



1.5  Combinational Loop
========================
None

===============================================================
2  Setup at Speed Grade 9_High-Performance_1.0V Corner at 100 Degrees
===============================================================

2.1  Clock Summary
=======================

2.2  Endpoint slacks
=======================
--------------------------------------------------
There is no end point satisfying reporting criteria

Total Negative Slack: 0


2.3  Detailed Report
=======================


XXXXXXXXXXXXXXXXXXXXXXXXXXXXXXXXXXXXXXXXXXXXXXXXXXXXXXXXXX

Detail report of critical paths

XXXXXXXXXXXXXXXXXXXXXXXXXXXXXXXXXXXXXXXXXXXXXXXXXXXXXXXXXX

 +++++++++++++++++++++++++++++++++++++++++++++++++++++++++++++++++++++
                    Detailed Report for timing paths 
 +++++++++++++++++++++++++++++++++++++++++++++++++++++++++++++++++++++
 +++++++++++++++++++++++++++++++++++++++++++++++++++++++++++++++++++++
                    End of Detailed Report for timing paths 
 +++++++++++++++++++++++++++++++++++++++++++++++++++++++++++++++++++++


##########################################################



===============================================================
3  Hold at Speed Grade m Corner at -40 Degrees
===============================================================

3.1  Endpoint slacks
=======================
--------------------------------------------------
There is no end point satisfying reporting criteria

Total Negative Slack: 0


3.2  Detailed Report
=======================


XXXXXXXXXXXXXXXXXXXXXXXXXXXXXXXXXXXXXXXXXXXXXXXXXXXXXXXXXX

Detail report of critical paths

XXXXXXXXXXXXXXXXXXXXXXXXXXXXXXXXXXXXXXXXXXXXXXXXXXXXXXXXXX

 +++++++++++++++++++++++++++++++++++++++++++++++++++++++++++++++++++++
                    Detailed Report for timing paths 
 +++++++++++++++++++++++++++++++++++++++++++++++++++++++++++++++++++++
 +++++++++++++++++++++++++++++++++++++++++++++++++++++++++++++++++++++
                    End of Detailed Report for timing paths 
 +++++++++++++++++++++++++++++++++++++++++++++++++++++++++++++++++++++


##########################################################



